INFO:snowav.framework.parse: [run] start_date and/or end_date was not defined in config file, will be assigned by available dates in directory
INFO:snowav.framework.parse: Config option [plots] stn_validate is being set to False
INFO:snowav.framework.parse: Using sqlite:////home/markrobertson/wkspace/code/SNOWAV/tests/lakes/results/results.db for results
INFO:snowav.framework.parse: Deleting existing database records for Lakes, test, 2019-04-01 
INFO:snowav.framework.parse: processed: /home/markrobertson/wkspace/code/SNOWAV/tests/lakes/gold/runs/run20190401, elapsed hours: 4391, date: 2019-4-1
INFO:snowav.framework.parse: Deleting existing database records for Lakes, test, 2019-04-02 
INFO:snowav.framework.parse: processed: /home/markrobertson/wkspace/code/SNOWAV/tests/lakes/gold/runs/run20190402, elapsed hours: 24, date: 2019-4-2
INFO:snowav.framework.parse: Completed snowav processing!
